app/admin/dashboard/page.tsx(283,78): error TS2304: Cannot find name 'handleUpdate'.
app/api/admin/login/route.ts(10,15): error TS2339: Property 'set' does not exist on type 'Promise<ReadonlyRequestCookies>'.
app/api/admin/login/route.ts(25,13): error TS2339: Property 'delete' does not exist on type 'Promise<ReadonlyRequestCookies>'.
app/athlete/[slug]/page.tsx(204,18): error TS2304: Cannot find name 'TrendingUp'.
app/athlete/[slug]/page.tsx(262,20): error TS2304: Cannot find name 'Video'.
tailwind.config.ts(4,3): error TS2322: Type '["class"]' is not assignable to type 'DarkModeStrategy | undefined'.
  Type '["class"]' is not assignable to type '["class", string]'.
    Source has 1 element(s) but target requires 2.
